---
http_interactions:
- request:
    method: post
    uri: https://api.geocod.io/v1.7/reverse?api_key=<API_KEY>&fields=&limit
    body:
      encoding: UTF-8
      string: '["38.88674717512318, -77.09464642536076","39.118308110111954, -77.2516753863881","38.98237295882022,
        -77.09805507289941"]'
    headers:
      Content-Type:
      - application/json
      User-Agent:
      - Faraday v2.7.1
      Accept-Encoding:
      - gzip;q=1.0,deflate;q=0.6,identity;q=0.3
      Accept:
      - "*/*"
  response:
    status:
      code: 200
      message: OK
    headers:
      Content-Type:
      - application/json
      Transfer-Encoding:
      - chunked
      Cache-Control:
      - no-cache, private
      Date:
      - Thu, 06 Mar 2025 18:39:01 GMT
      X-Billable-Lookups-Count:
      - '3'
      X-Billable-Fields-Count:
      - '0'
      Access-Control-Allow-Origin:
      - "*"
      Access-Control-Allow-Methods:
      - GET, POST, PATCH, DELETE
      Access-Control-Allow-Headers:
      - Content-Type, User-Agent
      Access-Control-Expose-Headers:
      - Request-Handler
      X-Frame-Options:
      - DENY
      Content-Security-Policy:
      - default-src 'none';
      Request-Handler:
      - api297
      Server:
      - Unicorns with magic wands (https://www.geocod.io)
      X-Request-Id:
      - 46E21BA0:DD22_05A11518:01BB_67C9EBC5_57318:6641
      X-Content-Type-Options:
      - nosniff
      X-Xss-Protection:
      - 1; mode=block
      X-Ratelimit-Remaining:
      - '912'
      X-Ratelimit-Limit:
      - '1000'
      X-Ratelimit-Period:
      - '60'
      Connection:
      - close
    body:
      encoding: ASCII-8BIT
      string: '{"results":[{"query":"38.88674717512318, -77.09464642536076","response":{"results":[{"address_components":{"number":"1109","predirectional":"N","street":"Highland","suffix":"St","formatted_street":"N
        Highland St","city":"Arlington","county":"Arlington County","state":"VA","zip":"22201","country":"US"},"formatted_address":"1109
        N Highland St, Arlington, VA 22201","location":{"lat":38.886672,"lng":-77.094735},"accuracy":1,"accuracy_type":"rooftop","source":"Arlington"},{"address_components":{"number":"3030","street":"Clarendon","suffix":"Blvd","formatted_street":"Clarendon
        Blvd","city":"Arlington","county":"Arlington County","state":"VA","zip":"22201","country":"US"},"formatted_address":"3030
        Clarendon Blvd, Arlington, VA 22201","location":{"lat":38.886876,"lng":-77.094702},"accuracy":1,"accuracy_type":"rooftop","source":"Arlington"}]}},{"query":"39.118308110111954,
        -77.2516753863881","response":{"results":[{"address_components":{"number":"12191","street":"Darnestown","suffix":"Rd","formatted_street":"Darnestown
        Rd","city":"Gaithersburg","county":"Montgomery County","state":"MD","zip":"20878","country":"US"},"formatted_address":"12191
        Darnestown Rd, Gaithersburg, MD 20878","location":{"lat":39.118305,"lng":-77.251728},"accuracy":1,"accuracy_type":"rooftop","source":"City
        of Gaithersburg"},{"address_components":{"number":"12193","street":"Darnestown","suffix":"Rd","formatted_street":"Darnestown
        Rd","city":"Gaithersburg","county":"Montgomery County","state":"MD","zip":"20878","country":"US"},"formatted_address":"12193
        Darnestown Rd, Gaithersburg, MD 20878","location":{"lat":39.11837,"lng":-77.251702},"accuracy":1,"accuracy_type":"rooftop","source":"City
        of Gaithersburg"},{"address_components":{"number":"12189","street":"Darnestown","suffix":"Rd","formatted_street":"Darnestown
        Rd","city":"Gaithersburg","county":"Montgomery County","state":"MD","zip":"20878","country":"US"},"formatted_address":"12189
        Darnestown Rd, Gaithersburg, MD 20878","location":{"lat":39.118229,"lng":-77.251704},"accuracy":1,"accuracy_type":"rooftop","source":"City
        of Gaithersburg"},{"address_components":{"number":"12191","street":"Darnestown","suffix":"Rd","formatted_street":"Darnestown
        Rd","city":"Gaithersburg","county":"Montgomery County","state":"MD","zip":"20878","country":"US"},"formatted_address":"12191
        Darnestown Rd, Gaithersburg, MD 20878","location":{"lat":39.118308,"lng":-77.251787},"accuracy":0.99,"accuracy_type":"rooftop","source":"Montgomery"},{"address_components":{"number":"12189","street":"Darnestown","suffix":"Rd","formatted_street":"Darnestown
        Rd","city":"Gaithersburg","county":"Montgomery County","state":"MD","zip":"20878","country":"US"},"formatted_address":"12189
        Darnestown Rd, Gaithersburg, MD 20878","location":{"lat":39.118236,"lng":-77.251769},"accuracy":0.99,"accuracy_type":"rooftop","source":"Montgomery"}]}},{"query":"38.98237295882022,
        -77.09805507289941","response":{"results":[{"address_components":{"number":"4963","street":"Elm","suffix":"St","formatted_street":"Elm
        St","city":"Bethesda","county":"Montgomery County","state":"MD","zip":"20814","country":"US"},"formatted_address":"4963
        Elm St, Bethesda, MD 20814","location":{"lat":38.982397,"lng":-77.097998},"accuracy":1,"accuracy_type":"rooftop","source":"Statewide
        MD"},{"address_components":{"number":"4940","street":"Hampden","suffix":"Ln","formatted_street":"Hampden
        Ln","city":"Bethesda","county":"Montgomery County","state":"MD","zip":"20814","country":"US"},"formatted_address":"4940
        Hampden Ln, Bethesda, MD 20814","location":{"lat":38.982455,"lng":-77.098108},"accuracy":0.99,"accuracy_type":"rooftop","source":"Montgomery"},{"address_components":{"number":"4959","street":"Elm","suffix":"St","formatted_street":"Elm
        St","city":"Bethesda","county":"Montgomery County","state":"MD","zip":"20814","country":"US"},"formatted_address":"4959
        Elm St, Bethesda, MD 20814","location":{"lat":38.982267,"lng":-77.098083},"accuracy":0.99,"accuracy_type":"rooftop","source":"Montgomery"},{"address_components":{"number":"4957","street":"Elm","suffix":"St","formatted_street":"Elm
        St","city":"Bethesda","county":"Montgomery County","state":"MD","zip":"20814","country":"US"},"formatted_address":"4957
        Elm St, Bethesda, MD 20814","location":{"lat":38.98227,"lng":-77.097989},"accuracy":0.99,"accuracy_type":"rooftop","source":"Montgomery"},{"address_components":{"number":"4945","street":"Elm","suffix":"St","formatted_street":"Elm
        St","city":"Bethesda","county":"Montgomery County","state":"MD","zip":"20814","country":"US"},"formatted_address":"4945
        Elm St, Bethesda, MD 20814","location":{"lat":38.982264,"lng":-77.097904},"accuracy":0.99,"accuracy_type":"rooftop","source":"Montgomery"}]}}]}'
  recorded_at: Thu, 06 Mar 2025 18:39:01 GMT
- request:
    method: post
    uri: https://api.geocod.io/v1.7/reverse?api_key=<API_KEY>&fields=&limit
    body:
      encoding: UTF-8
      string: '["38.88674717512318, -77.09464642536076","39.118308110111954, -77.2516753863881","38.98237295882022,
        -77.09805507289941"]'
    headers:
      Content-Type:
      - application/json
      User-Agent:
      - Faraday v2.7.1
      Accept-Encoding:
      - gzip;q=1.0,deflate;q=0.6,identity;q=0.3
      Accept:
      - "*/*"
  response:
    status:
      code: 200
      message: OK
    headers:
      Content-Type:
      - application/json
      Transfer-Encoding:
      - chunked
      Cache-Control:
      - no-cache, private
      Date:
      - Thu, 06 Mar 2025 18:39:02 GMT
      X-Billable-Lookups-Count:
      - '3'
      X-Billable-Fields-Count:
      - '0'
      Access-Control-Allow-Origin:
      - "*"
      Access-Control-Allow-Methods:
      - GET, POST, PATCH, DELETE
      Access-Control-Allow-Headers:
      - Content-Type, User-Agent
      Access-Control-Expose-Headers:
      - Request-Handler
      X-Frame-Options:
      - DENY
      Content-Security-Policy:
      - default-src 'none';
      Request-Handler:
      - api230
      Server:
      - Unicorns with magic wands (https://www.geocod.io)
      X-Request-Id:
      - 46E21BA0:DD25_05A11518:01BB_67C9EBC6_57351:6641
      X-Content-Type-Options:
      - nosniff
      X-Xss-Protection:
      - 1; mode=block
      X-Ratelimit-Remaining:
      - '912'
      X-Ratelimit-Limit:
      - '1000'
      X-Ratelimit-Period:
      - '60'
      Connection:
      - close
    body:
      encoding: ASCII-8BIT
      string: '{"results":[{"query":"38.88674717512318, -77.09464642536076","response":{"results":[{"address_components":{"number":"1109","predirectional":"N","street":"Highland","suffix":"St","formatted_street":"N
        Highland St","city":"Arlington","county":"Arlington County","state":"VA","zip":"22201","country":"US"},"formatted_address":"1109
        N Highland St, Arlington, VA 22201","location":{"lat":38.886672,"lng":-77.094735},"accuracy":1,"accuracy_type":"rooftop","source":"Arlington"},{"address_components":{"number":"3030","street":"Clarendon","suffix":"Blvd","formatted_street":"Clarendon
        Blvd","city":"Arlington","county":"Arlington County","state":"VA","zip":"22201","country":"US"},"formatted_address":"3030
        Clarendon Blvd, Arlington, VA 22201","location":{"lat":38.886876,"lng":-77.094702},"accuracy":1,"accuracy_type":"rooftop","source":"Arlington"}]}},{"query":"39.118308110111954,
        -77.2516753863881","response":{"results":[{"address_components":{"number":"12191","street":"Darnestown","suffix":"Rd","formatted_street":"Darnestown
        Rd","city":"Gaithersburg","county":"Montgomery County","state":"MD","zip":"20878","country":"US"},"formatted_address":"12191
        Darnestown Rd, Gaithersburg, MD 20878","location":{"lat":39.118305,"lng":-77.251728},"accuracy":1,"accuracy_type":"rooftop","source":"City
        of Gaithersburg"},{"address_components":{"number":"12193","street":"Darnestown","suffix":"Rd","formatted_street":"Darnestown
        Rd","city":"Gaithersburg","county":"Montgomery County","state":"MD","zip":"20878","country":"US"},"formatted_address":"12193
        Darnestown Rd, Gaithersburg, MD 20878","location":{"lat":39.11837,"lng":-77.251702},"accuracy":1,"accuracy_type":"rooftop","source":"City
        of Gaithersburg"},{"address_components":{"number":"12189","street":"Darnestown","suffix":"Rd","formatted_street":"Darnestown
        Rd","city":"Gaithersburg","county":"Montgomery County","state":"MD","zip":"20878","country":"US"},"formatted_address":"12189
        Darnestown Rd, Gaithersburg, MD 20878","location":{"lat":39.118229,"lng":-77.251704},"accuracy":1,"accuracy_type":"rooftop","source":"City
        of Gaithersburg"},{"address_components":{"number":"12191","street":"Darnestown","suffix":"Rd","formatted_street":"Darnestown
        Rd","city":"Gaithersburg","county":"Montgomery County","state":"MD","zip":"20878","country":"US"},"formatted_address":"12191
        Darnestown Rd, Gaithersburg, MD 20878","location":{"lat":39.118308,"lng":-77.251787},"accuracy":0.99,"accuracy_type":"rooftop","source":"Montgomery"},{"address_components":{"number":"12189","street":"Darnestown","suffix":"Rd","formatted_street":"Darnestown
        Rd","city":"Gaithersburg","county":"Montgomery County","state":"MD","zip":"20878","country":"US"},"formatted_address":"12189
        Darnestown Rd, Gaithersburg, MD 20878","location":{"lat":39.118236,"lng":-77.251769},"accuracy":0.99,"accuracy_type":"rooftop","source":"Montgomery"}]}},{"query":"38.98237295882022,
        -77.09805507289941","response":{"results":[{"address_components":{"number":"4963","street":"Elm","suffix":"St","formatted_street":"Elm
        St","city":"Bethesda","county":"Montgomery County","state":"MD","zip":"20814","country":"US"},"formatted_address":"4963
        Elm St, Bethesda, MD 20814","location":{"lat":38.982397,"lng":-77.097998},"accuracy":1,"accuracy_type":"rooftop","source":"Statewide
        MD"},{"address_components":{"number":"4940","street":"Hampden","suffix":"Ln","formatted_street":"Hampden
        Ln","city":"Bethesda","county":"Montgomery County","state":"MD","zip":"20814","country":"US"},"formatted_address":"4940
        Hampden Ln, Bethesda, MD 20814","location":{"lat":38.982455,"lng":-77.098108},"accuracy":0.99,"accuracy_type":"rooftop","source":"Montgomery"},{"address_components":{"number":"4959","street":"Elm","suffix":"St","formatted_street":"Elm
        St","city":"Bethesda","county":"Montgomery County","state":"MD","zip":"20814","country":"US"},"formatted_address":"4959
        Elm St, Bethesda, MD 20814","location":{"lat":38.982267,"lng":-77.098083},"accuracy":0.99,"accuracy_type":"rooftop","source":"Montgomery"},{"address_components":{"number":"4957","street":"Elm","suffix":"St","formatted_street":"Elm
        St","city":"Bethesda","county":"Montgomery County","state":"MD","zip":"20814","country":"US"},"formatted_address":"4957
        Elm St, Bethesda, MD 20814","location":{"lat":38.98227,"lng":-77.097989},"accuracy":0.99,"accuracy_type":"rooftop","source":"Montgomery"},{"address_components":{"number":"4945","street":"Elm","suffix":"St","formatted_street":"Elm
        St","city":"Bethesda","county":"Montgomery County","state":"MD","zip":"20814","country":"US"},"formatted_address":"4945
        Elm St, Bethesda, MD 20814","location":{"lat":38.982264,"lng":-77.097904},"accuracy":0.99,"accuracy_type":"rooftop","source":"Montgomery"}]}}]}'
  recorded_at: Thu, 06 Mar 2025 18:39:02 GMT
- request:
    method: post
    uri: https://api.geocod.io/v1.7/reverse?api_key=<API_KEY>&fields=&limit
    body:
      encoding: UTF-8
      string: '["38.88674717512318, -77.09464642536076","39.118308110111954, -77.2516753863881","38.98237295882022,
        -77.09805507289941"]'
    headers:
      Content-Type:
      - application/json
      User-Agent:
      - Faraday v2.7.1
      Accept-Encoding:
      - gzip;q=1.0,deflate;q=0.6,identity;q=0.3
      Accept:
      - "*/*"
  response:
    status:
      code: 200
      message: OK
    headers:
      Content-Type:
      - application/json
      Transfer-Encoding:
      - chunked
      Cache-Control:
      - no-cache, private
      Date:
      - Thu, 06 Mar 2025 18:39:02 GMT
      X-Billable-Lookups-Count:
      - '3'
      X-Billable-Fields-Count:
      - '0'
      Access-Control-Allow-Origin:
      - "*"
      Access-Control-Allow-Methods:
      - GET, POST, PATCH, DELETE
      Access-Control-Allow-Headers:
      - Content-Type, User-Agent
      Access-Control-Expose-Headers:
      - Request-Handler
      X-Frame-Options:
      - DENY
      Content-Security-Policy:
      - default-src 'none';
      Request-Handler:
      - api288
      Server:
      - Unicorns with magic wands (https://www.geocod.io)
      X-Request-Id:
      - 46E21BA0:DD29_05A11518:01BB_67C9EBC6_573C3:6641
      X-Content-Type-Options:
      - nosniff
      X-Xss-Protection:
      - 1; mode=block
      X-Ratelimit-Remaining:
      - '911'
      X-Ratelimit-Limit:
      - '1000'
      X-Ratelimit-Period:
      - '60'
      Connection:
      - close
    body:
      encoding: ASCII-8BIT
      string: '{"results":[{"query":"38.88674717512318, -77.09464642536076","response":{"results":[{"address_components":{"number":"1109","predirectional":"N","street":"Highland","suffix":"St","formatted_street":"N
        Highland St","city":"Arlington","county":"Arlington County","state":"VA","zip":"22201","country":"US"},"formatted_address":"1109
        N Highland St, Arlington, VA 22201","location":{"lat":38.886672,"lng":-77.094735},"accuracy":1,"accuracy_type":"rooftop","source":"Arlington"},{"address_components":{"number":"3030","street":"Clarendon","suffix":"Blvd","formatted_street":"Clarendon
        Blvd","city":"Arlington","county":"Arlington County","state":"VA","zip":"22201","country":"US"},"formatted_address":"3030
        Clarendon Blvd, Arlington, VA 22201","location":{"lat":38.886876,"lng":-77.094702},"accuracy":1,"accuracy_type":"rooftop","source":"Arlington"}]}},{"query":"39.118308110111954,
        -77.2516753863881","response":{"results":[{"address_components":{"number":"12191","street":"Darnestown","suffix":"Rd","formatted_street":"Darnestown
        Rd","city":"Gaithersburg","county":"Montgomery County","state":"MD","zip":"20878","country":"US"},"formatted_address":"12191
        Darnestown Rd, Gaithersburg, MD 20878","location":{"lat":39.118305,"lng":-77.251728},"accuracy":1,"accuracy_type":"rooftop","source":"City
        of Gaithersburg"},{"address_components":{"number":"12193","street":"Darnestown","suffix":"Rd","formatted_street":"Darnestown
        Rd","city":"Gaithersburg","county":"Montgomery County","state":"MD","zip":"20878","country":"US"},"formatted_address":"12193
        Darnestown Rd, Gaithersburg, MD 20878","location":{"lat":39.11837,"lng":-77.251702},"accuracy":1,"accuracy_type":"rooftop","source":"City
        of Gaithersburg"},{"address_components":{"number":"12189","street":"Darnestown","suffix":"Rd","formatted_street":"Darnestown
        Rd","city":"Gaithersburg","county":"Montgomery County","state":"MD","zip":"20878","country":"US"},"formatted_address":"12189
        Darnestown Rd, Gaithersburg, MD 20878","location":{"lat":39.118229,"lng":-77.251704},"accuracy":1,"accuracy_type":"rooftop","source":"City
        of Gaithersburg"},{"address_components":{"number":"12191","street":"Darnestown","suffix":"Rd","formatted_street":"Darnestown
        Rd","city":"Gaithersburg","county":"Montgomery County","state":"MD","zip":"20878","country":"US"},"formatted_address":"12191
        Darnestown Rd, Gaithersburg, MD 20878","location":{"lat":39.118308,"lng":-77.251787},"accuracy":0.99,"accuracy_type":"rooftop","source":"Montgomery"},{"address_components":{"number":"12189","street":"Darnestown","suffix":"Rd","formatted_street":"Darnestown
        Rd","city":"Gaithersburg","county":"Montgomery County","state":"MD","zip":"20878","country":"US"},"formatted_address":"12189
        Darnestown Rd, Gaithersburg, MD 20878","location":{"lat":39.118236,"lng":-77.251769},"accuracy":0.99,"accuracy_type":"rooftop","source":"Montgomery"}]}},{"query":"38.98237295882022,
        -77.09805507289941","response":{"results":[{"address_components":{"number":"4963","street":"Elm","suffix":"St","formatted_street":"Elm
        St","city":"Bethesda","county":"Montgomery County","state":"MD","zip":"20814","country":"US"},"formatted_address":"4963
        Elm St, Bethesda, MD 20814","location":{"lat":38.982397,"lng":-77.097998},"accuracy":1,"accuracy_type":"rooftop","source":"Statewide
        MD"},{"address_components":{"number":"4940","street":"Hampden","suffix":"Ln","formatted_street":"Hampden
        Ln","city":"Bethesda","county":"Montgomery County","state":"MD","zip":"20814","country":"US"},"formatted_address":"4940
        Hampden Ln, Bethesda, MD 20814","location":{"lat":38.982455,"lng":-77.098108},"accuracy":0.99,"accuracy_type":"rooftop","source":"Montgomery"},{"address_components":{"number":"4959","street":"Elm","suffix":"St","formatted_street":"Elm
        St","city":"Bethesda","county":"Montgomery County","state":"MD","zip":"20814","country":"US"},"formatted_address":"4959
        Elm St, Bethesda, MD 20814","location":{"lat":38.982267,"lng":-77.098083},"accuracy":0.99,"accuracy_type":"rooftop","source":"Montgomery"},{"address_components":{"number":"4957","street":"Elm","suffix":"St","formatted_street":"Elm
        St","city":"Bethesda","county":"Montgomery County","state":"MD","zip":"20814","country":"US"},"formatted_address":"4957
        Elm St, Bethesda, MD 20814","location":{"lat":38.98227,"lng":-77.097989},"accuracy":0.99,"accuracy_type":"rooftop","source":"Montgomery"},{"address_components":{"number":"4945","street":"Elm","suffix":"St","formatted_street":"Elm
        St","city":"Bethesda","county":"Montgomery County","state":"MD","zip":"20814","country":"US"},"formatted_address":"4945
        Elm St, Bethesda, MD 20814","location":{"lat":38.982264,"lng":-77.097904},"accuracy":0.99,"accuracy_type":"rooftop","source":"Montgomery"}]}}]}'
  recorded_at: Thu, 06 Mar 2025 18:39:02 GMT
- request:
    method: post
    uri: https://api.geocod.io/v1.7/reverse?api_key=<API_KEY>&fields=&limit
    body:
      encoding: UTF-8
      string: '["38.88674717512318, -77.09464642536076","39.118308110111954, -77.2516753863881","38.98237295882022,
        -77.09805507289941"]'
    headers:
      Content-Type:
      - application/json
      User-Agent:
      - Faraday v2.7.1
      Accept-Encoding:
      - gzip;q=1.0,deflate;q=0.6,identity;q=0.3
      Accept:
      - "*/*"
  response:
    status:
      code: 200
      message: OK
    headers:
      Content-Type:
      - application/json
      Transfer-Encoding:
      - chunked
      Cache-Control:
      - no-cache, private
      Date:
      - Thu, 06 Mar 2025 18:53:42 GMT
      X-Billable-Lookups-Count:
      - '3'
      X-Billable-Fields-Count:
      - '0'
      Access-Control-Allow-Origin:
      - "*"
      Access-Control-Allow-Methods:
      - GET, POST, PATCH, DELETE
      Access-Control-Allow-Headers:
      - Content-Type, User-Agent
      Access-Control-Expose-Headers:
      - Request-Handler
      X-Frame-Options:
      - DENY
      Content-Security-Policy:
      - default-src 'none';
      Request-Handler:
      - api294
      Server:
      - Unicorns with magic wands (https://www.geocod.io)
      X-Request-Id:
      - 46E21BA0:DDD5_05A11518:01BB_67C9EF35_7443C:6641
      X-Content-Type-Options:
      - nosniff
      X-Xss-Protection:
      - 1; mode=block
      X-Ratelimit-Remaining:
      - '999'
      X-Ratelimit-Limit:
      - '1000'
      X-Ratelimit-Period:
      - '60'
      Connection:
      - close
    body:
      encoding: ASCII-8BIT
      string: '{"results":[{"query":"38.88674717512318, -77.09464642536076","response":{"results":[{"address_components":{"number":"1109","predirectional":"N","street":"Highland","suffix":"St","formatted_street":"N
        Highland St","city":"Arlington","county":"Arlington County","state":"VA","zip":"22201","country":"US"},"formatted_address":"1109
        N Highland St, Arlington, VA 22201","location":{"lat":38.886672,"lng":-77.094735},"accuracy":1,"accuracy_type":"rooftop","source":"Arlington"},{"address_components":{"number":"3030","street":"Clarendon","suffix":"Blvd","formatted_street":"Clarendon
        Blvd","city":"Arlington","county":"Arlington County","state":"VA","zip":"22201","country":"US"},"formatted_address":"3030
        Clarendon Blvd, Arlington, VA 22201","location":{"lat":38.886876,"lng":-77.094702},"accuracy":1,"accuracy_type":"rooftop","source":"Arlington"}]}},{"query":"39.118308110111954,
        -77.2516753863881","response":{"results":[{"address_components":{"number":"12191","street":"Darnestown","suffix":"Rd","formatted_street":"Darnestown
        Rd","city":"Gaithersburg","county":"Montgomery County","state":"MD","zip":"20878","country":"US"},"formatted_address":"12191
        Darnestown Rd, Gaithersburg, MD 20878","location":{"lat":39.118305,"lng":-77.251728},"accuracy":1,"accuracy_type":"rooftop","source":"City
        of Gaithersburg"},{"address_components":{"number":"12193","street":"Darnestown","suffix":"Rd","formatted_street":"Darnestown
        Rd","city":"Gaithersburg","county":"Montgomery County","state":"MD","zip":"20878","country":"US"},"formatted_address":"12193
        Darnestown Rd, Gaithersburg, MD 20878","location":{"lat":39.11837,"lng":-77.251702},"accuracy":1,"accuracy_type":"rooftop","source":"City
        of Gaithersburg"},{"address_components":{"number":"12189","street":"Darnestown","suffix":"Rd","formatted_street":"Darnestown
        Rd","city":"Gaithersburg","county":"Montgomery County","state":"MD","zip":"20878","country":"US"},"formatted_address":"12189
        Darnestown Rd, Gaithersburg, MD 20878","location":{"lat":39.118229,"lng":-77.251704},"accuracy":1,"accuracy_type":"rooftop","source":"City
        of Gaithersburg"},{"address_components":{"number":"12191","street":"Darnestown","suffix":"Rd","formatted_street":"Darnestown
        Rd","city":"Gaithersburg","county":"Montgomery County","state":"MD","zip":"20878","country":"US"},"formatted_address":"12191
        Darnestown Rd, Gaithersburg, MD 20878","location":{"lat":39.118308,"lng":-77.251787},"accuracy":0.99,"accuracy_type":"rooftop","source":"Montgomery"},{"address_components":{"number":"12189","street":"Darnestown","suffix":"Rd","formatted_street":"Darnestown
        Rd","city":"Gaithersburg","county":"Montgomery County","state":"MD","zip":"20878","country":"US"},"formatted_address":"12189
        Darnestown Rd, Gaithersburg, MD 20878","location":{"lat":39.118236,"lng":-77.251769},"accuracy":0.99,"accuracy_type":"rooftop","source":"Montgomery"}]}},{"query":"38.98237295882022,
        -77.09805507289941","response":{"results":[{"address_components":{"number":"4963","street":"Elm","suffix":"St","formatted_street":"Elm
        St","city":"Bethesda","county":"Montgomery County","state":"MD","zip":"20814","country":"US"},"formatted_address":"4963
        Elm St, Bethesda, MD 20814","location":{"lat":38.982397,"lng":-77.097998},"accuracy":1,"accuracy_type":"rooftop","source":"Statewide
        MD"},{"address_components":{"number":"4940","street":"Hampden","suffix":"Ln","formatted_street":"Hampden
        Ln","city":"Bethesda","county":"Montgomery County","state":"MD","zip":"20814","country":"US"},"formatted_address":"4940
        Hampden Ln, Bethesda, MD 20814","location":{"lat":38.982455,"lng":-77.098108},"accuracy":0.99,"accuracy_type":"rooftop","source":"Montgomery"},{"address_components":{"number":"4959","street":"Elm","suffix":"St","formatted_street":"Elm
        St","city":"Bethesda","county":"Montgomery County","state":"MD","zip":"20814","country":"US"},"formatted_address":"4959
        Elm St, Bethesda, MD 20814","location":{"lat":38.982267,"lng":-77.098083},"accuracy":0.99,"accuracy_type":"rooftop","source":"Montgomery"},{"address_components":{"number":"4957","street":"Elm","suffix":"St","formatted_street":"Elm
        St","city":"Bethesda","county":"Montgomery County","state":"MD","zip":"20814","country":"US"},"formatted_address":"4957
        Elm St, Bethesda, MD 20814","location":{"lat":38.98227,"lng":-77.097989},"accuracy":0.99,"accuracy_type":"rooftop","source":"Montgomery"},{"address_components":{"number":"4945","street":"Elm","suffix":"St","formatted_street":"Elm
        St","city":"Bethesda","county":"Montgomery County","state":"MD","zip":"20814","country":"US"},"formatted_address":"4945
        Elm St, Bethesda, MD 20814","location":{"lat":38.982264,"lng":-77.097904},"accuracy":0.99,"accuracy_type":"rooftop","source":"Montgomery"}]}}]}'
  recorded_at: Thu, 06 Mar 2025 18:53:42 GMT
recorded_with: VCR 6.1.0
